<html>
<body>
<pre>
<h1>µVision Build Log</h1>
<h2>Tool Versions:</h2>
IDE-Version: µVision V5.12.0.0
Copyright (C) 2014 ARM Ltd and ARM Germany GmbH. All rights reserved.
License Information: 1 1, 1, LIC=9N012-9EYP1-HPVZN-YV1BX-7RG7N-SIXAL
 
Tool Versions:
Toolchain:       MDK-ARM Professional  Version: 5.12.0.0
Toolchain Path:  C:\Keil_v5\ARM\ARMCC\Bin
C Compiler:      Armcc.exe V5.05 (build 41)
Assembler:       Armasm.exe V5.05 (build 41)
Linker/Locator:  ArmLink.exe V5.05 (build 41)
Library Manager: ArmAr.exe V5.05 (build 41)
Hex Converter:   FromElf.exe V5.05 (build 41)
CPU DLL:         SARMCM3.DLL V5.12.0.0
Dialog DLL:      DARMSTM.DLL V1.65.0.0
Target DLL:      UL2CM3.DLL V1.153.0.0
Dialog DLL:      TARMSTM.DLL V1.64.0.0
 
<h2>Project:</h2>
C:\Users\Qantum\Desktop\firmware\STM32_USB-FS-Device_Lib_V4.0.0\Projects\VirtualComport_Loopback\MDK-ARM\VirtualComport_Loopback.uvproj
Project File Date:  01/09/2015

<h2>Output:</h2>
Build target 'STM32303C_EVAL'
compiling main.c...
linking...
Program Size: Code=9224 RO-data=604 RW-data=364 ZI-data=1148  
FromELF: creating hex file...
".\STM32303C_EVAL\STM32303C_EVAL.axf" - 0 Error(s), 0 Warning(s).
</pre>
</body>
</html>
